exports[`<Board/> snapshot test 1`] = `
<div
  className="dMcBAq"
  style={
    Object {
      "backgroundColor": undefined,
    }
  }>
  <section
    className="kjauoa"
    draggable={undefined}>
    <header
      className="eQnITk">
      <span
        className="jgmSre">
        Lane1
      </span>
      <span
        className="ggHFfo" />
    </header>
    <div>
      <div
        className="gPtRcD" />
    </div>
  </section>
</div>
`;
